============================================================
Time  2026/02/24 21:02:18 926 
============================================================
[2026/02/24 21:02:18 926] isr        1659 isr loaded!  
[2026/02/24 21:02:18 926] isr        1642 SYS_MSG_REGCB param0 =   msp_status_cb  param1 =   func(fc02e1e0) 
[2026/02/24 21:02:18 926] isr        1537 ASR_MSG_SSB  
[2026/02/24 21:02:18 926] isr        1066 session_begin() [in], params:   sub = iat, domain = iat, language = zh_cn, accent = mandarin, sample_rate = 16000, result_type = plain, result_encoding = utf8  nil  
[2026/02/24 21:02:18 926] isr        927  vad_set [in]  
[2026/02/24 21:02:18 926] isr        962  vad_enable :  true  
[2026/02/24 21:02:18 926] isr        980  vad_bos :  10000  
[2026/02/24 21:02:18 926] isr        981  vad_eos :  2000  
[2026/02/24 21:02:18 926] isr        886  enable_vad [in]  
[2026/02/24 21:02:18 926] isr        918  vad enabled!  2000  10000  
[2026/02/24 21:02:18 926] isr        921  enable_vad [out]  
[2026/02/24 21:02:18 926] isr        987  vad_set [out] | ret =  0  
[2026/02/24 21:02:18 926] isr        1187 cur_engine_type =   cloud  
[2026/02/24 21:02:18 926] isr        1001 cloud_session_begin  
[2026/02/24 21:02:18 926] isr        1013 unknown  
[2026/02/24 21:02:18 927] isr        1547 ASR_MSG_AUW,   cloud  
[2026/02/24 21:02:18 928] isr        1559 6400  1  
[2026/02/24 21:02:18 929] isr        1569 once_bytes:   6400  
[2026/02/24 21:02:18 930] isr        1547 ASR_MSG_AUW,   cloud  
[2026/02/24 21:02:18 930] isr        1559 6400  2  
[2026/02/24 21:02:18 930] isr        1547 ASR_MSG_AUW,   cloud  
[2026/02/24 21:02:18 930] isr        1559 6400  2  
[2026/02/24 21:02:18 930] isr        1547 ASR_MSG_AUW,   cloud  
[2026/02/24 21:02:18 930] isr        1559 6400  2  
[2026/02/24 21:02:18 930] isr        1547 ASR_MSG_AUW,   cloud  
[2026/02/24 21:02:18 930] isr        1559 6400  2  
[2026/02/24 21:02:18 930] isr        1547 ASR_MSG_AUW,   cloud  
[2026/02/24 21:02:18 930] isr        1559 6400  2  
[2026/02/24 21:02:18 930] isr        1547 ASR_MSG_AUW,   cloud  
[2026/02/24 21:02:18 930] isr        1559 6400  2  
[2026/02/24 21:02:18 931] isr        1547 ASR_MSG_AUW,   cloud  
[2026/02/24 21:02:18 931] isr        1559 6400  2  
[2026/02/24 21:02:18 931] isr        1547 ASR_MSG_AUW,   cloud  
[2026/02/24 21:02:18 931] isr        1559 6400  2  
[2026/02/24 21:02:18 931] isr        1547 ASR_MSG_AUW,   cloud  
[2026/02/24 21:02:18 932] isr        1559 6400  2  
[2026/02/24 21:02:18 932] isr        1547 ASR_MSG_AUW,   cloud  
[2026/02/24 21:02:18 932] isr        1559 6400  2  
[2026/02/24 21:02:18 932] isr        1547 ASR_MSG_AUW,   cloud  
[2026/02/24 21:02:18 932] isr        1559 6400  2  
[2026/02/24 21:02:18 932] isr        1547 ASR_MSG_AUW,   cloud  
[2026/02/24 21:02:18 932] isr        1559 6400  2  
[2026/02/24 21:02:18 933] isr        1547 ASR_MSG_AUW,   cloud  
[2026/02/24 21:02:18 933] isr        1559 6400  2  
[2026/02/24 21:02:18 933] isr        1547 ASR_MSG_AUW,   cloud  
[2026/02/24 21:02:18 933] isr        1559 6400  2  
[2026/02/24 21:02:18 934] isr        1547 ASR_MSG_AUW,   cloud  
[2026/02/24 21:02:18 934] isr        1559 6400  2  
[2026/02/24 21:02:18 934] isr        1547 ASR_MSG_AUW,   cloud  
[2026/02/24 21:02:18 934] isr        1559 6400  2  
[2026/02/24 21:02:18 935] isr        1547 ASR_MSG_AUW,   cloud  
[2026/02/24 21:02:18 935] isr        1559 6400  2  
[2026/02/24 21:02:18 935] isr        1547 ASR_MSG_AUW,   cloud  
[2026/02/24 21:02:18 935] isr        1559 6400  2  
[2026/02/24 21:02:18 935] isr        1547 ASR_MSG_AUW,   cloud  
[2026/02/24 21:02:18 935] isr        1559 6400  2  
[2026/02/24 21:02:18 935] isr        1547 ASR_MSG_AUW,   cloud  
[2026/02/24 21:02:18 935] isr        1559 6400  2  
[2026/02/24 21:02:18 936] isr        1547 ASR_MSG_AUW,   cloud  
[2026/02/24 21:02:18 936] isr        1559 6400  2  
[2026/02/24 21:02:18 936] isr        1547 ASR_MSG_AUW,   cloud  
[2026/02/24 21:02:18 936] isr        1559 7420  2  
[2026/02/24 21:02:18 936] isr        1547 ASR_MSG_AUW,   cloud  
[2026/02/24 21:02:18 936] isr        1559 0  4  
[2026/02/24 21:02:18 936] isr        1592 aud end, USER  
[2026/02/24 21:02:18 938] isr        851  [aud] speech start  
[2026/02/24 21:02:18 938] isr        798  1  msc  
[2026/02/24 21:02:18 942] isr        1636 ASR_MSG_GRSLT,   cloud  
[2026/02/24 21:02:18 942] isr        1335 0  nil  2  
[2026/02/24 21:02:18 946] isr        854  [aud] speech end  
[2026/02/24 21:02:18 946] isr        798  3  msc  
[2026/02/24 21:02:18 949] isr        707  cloud_status_cb, start local.  
[2026/02/24 21:02:19 042] isr        1636 ASR_MSG_GRSLT,   cloud  
[2026/02/24 21:02:19 042] isr        1335 0  nil  2  
[2026/02/24 21:02:19 143] isr        1636 ASR_MSG_GRSLT,   cloud  
[2026/02/24 21:02:19 143] isr        1335 0  nil  2  
[2026/02/24 21:02:19 149] isr        700  cloud_status_cb, eps:  3  
[2026/02/24 21:02:19 149] isr        798  3  cloud  
[2026/02/24 21:02:19 149] isr        800  already speech end  
[2026/02/24 21:02:19 150] isr        662  cloud_rslt_cb status =   5  
[2026/02/24 21:02:19 150] isr        641  process_result call:  cloud  udata(fc00a928) 5  nil  
[2026/02/24 21:02:19 150] isr        798  3  msc  
[2026/02/24 21:02:19 150] isr        800  already speech end  
[2026/02/24 21:02:19 243] isr        1636 ASR_MSG_GRSLT,   cloud  
[2026/02/24 21:02:19 243] isr        1335 0  udata(fc00a928) 5  
[2026/02/24 21:02:19 343] isr        1639 ASR_MSG_SSE,   cloud  
[2026/02/24 21:02:19 343] isr        1356 session_end() [in]  
[2026/02/24 21:02:19 343] isr        1421 cloud_session_end() [in]  
[2026/02/24 21:02:19 344] isr        1488 ns_host=  open.xf-yun.com  
[2026/02/24 21:02:19 344] isr        1498 tick()mod=  4253656  
[2026/02/24 21:02:19 344] isr        1499 tick()=  4253656  
[2026/02/24 21:02:19 344] isr        1501 diff=  338  
[2026/02/24 21:02:19 344] isr        1514 cloud_session_end() [out]  
[2026/02/24 21:02:19 344] isr        1667 isr unload!  
============================================================
Time  2026/02/24 21:03:09 693 
============================================================
[2026/02/24 21:03:09 693] isr        1659 isr loaded!  
[2026/02/24 21:03:09 693] isr        1642 SYS_MSG_REGCB param0 =   msp_status_cb  param1 =   func(8801f5d0) 
[2026/02/24 21:03:09 693] isr        1537 ASR_MSG_SSB  
[2026/02/24 21:03:09 693] isr        1066 session_begin() [in], params:   sub = iat, domain = iat, language = zh_cn, accent = mandarin, sample_rate = 16000, result_type = plain, result_encoding = utf8  nil  
[2026/02/24 21:03:09 693] isr        927  vad_set [in]  
[2026/02/24 21:03:09 693] isr        962  vad_enable :  true  
[2026/02/24 21:03:09 693] isr        980  vad_bos :  10000  
[2026/02/24 21:03:09 693] isr        981  vad_eos :  2000  
[2026/02/24 21:03:09 693] isr        886  enable_vad [in]  
[2026/02/24 21:03:09 693] isr        918  vad enabled!  2000  10000  
[2026/02/24 21:03:09 693] isr        921  enable_vad [out]  
[2026/02/24 21:03:09 693] isr        987  vad_set [out] | ret =  0  
[2026/02/24 21:03:09 694] isr        1187 cur_engine_type =   cloud  
[2026/02/24 21:03:09 694] isr        1001 cloud_session_begin  
[2026/02/24 21:03:09 694] isr        1013 unknown  
[2026/02/24 21:03:09 695] isr        1547 ASR_MSG_AUW,   cloud  
[2026/02/24 21:03:09 695] isr        1559 6400  1  
[2026/02/24 21:03:09 696] isr        1569 once_bytes:   6400  
[2026/02/24 21:03:09 696] isr        1547 ASR_MSG_AUW,   cloud  
[2026/02/24 21:03:09 696] isr        1559 6400  2  
[2026/02/24 21:03:09 696] isr        1547 ASR_MSG_AUW,   cloud  
[2026/02/24 21:03:09 697] isr        1559 6400  2  
[2026/02/24 21:03:09 697] isr        1547 ASR_MSG_AUW,   cloud  
[2026/02/24 21:03:09 697] isr        1559 6400  2  
[2026/02/24 21:03:09 698] isr        1547 ASR_MSG_AUW,   cloud  
[2026/02/24 21:03:09 698] isr        1559 6400  2  
[2026/02/24 21:03:09 699] isr        1547 ASR_MSG_AUW,   cloud  
[2026/02/24 21:03:09 699] isr        1559 6400  2  
[2026/02/24 21:03:09 699] isr        1547 ASR_MSG_AUW,   cloud  
[2026/02/24 21:03:09 699] isr        1559 6400  2  
[2026/02/24 21:03:09 700] isr        1547 ASR_MSG_AUW,   cloud  
[2026/02/24 21:03:09 700] isr        1559 6400  2  
[2026/02/24 21:03:09 700] isr        1547 ASR_MSG_AUW,   cloud  
[2026/02/24 21:03:09 700] isr        1559 6400  2  
[2026/02/24 21:03:09 700] isr        1547 ASR_MSG_AUW,   cloud  
[2026/02/24 21:03:09 701] isr        1559 6400  2  
[2026/02/24 21:03:09 702] isr        851  [aud] speech start  
[2026/02/24 21:03:09 702] isr        798  1  msc  
[2026/02/24 21:03:09 702] isr        1547 ASR_MSG_AUW,   cloud  
[2026/02/24 21:03:09 702] isr        1559 6400  2  
[2026/02/24 21:03:09 703] isr        1547 ASR_MSG_AUW,   cloud  
[2026/02/24 21:03:09 703] isr        1559 6400  2  
[2026/02/24 21:03:09 703] isr        1547 ASR_MSG_AUW,   cloud  
[2026/02/24 21:03:09 703] isr        1559 6400  2  
[2026/02/24 21:03:09 703] isr        1547 ASR_MSG_AUW,   cloud  
[2026/02/24 21:03:09 703] isr        1559 6400  2  
[2026/02/24 21:03:09 704] isr        1547 ASR_MSG_AUW,   cloud  
[2026/02/24 21:03:09 704] isr        1559 6400  2  
[2026/02/24 21:03:09 704] isr        1547 ASR_MSG_AUW,   cloud  
[2026/02/24 21:03:09 704] isr        1559 6400  2  
[2026/02/24 21:03:09 704] isr        1547 ASR_MSG_AUW,   cloud  
[2026/02/24 21:03:09 704] isr        1559 6400  2  
[2026/02/24 21:03:09 705] isr        1547 ASR_MSG_AUW,   cloud  
[2026/02/24 21:03:09 705] isr        1559 6400  2  
[2026/02/24 21:03:09 705] isr        1547 ASR_MSG_AUW,   cloud  
[2026/02/24 21:03:09 705] isr        1559 6400  2  
[2026/02/24 21:03:09 705] isr        1547 ASR_MSG_AUW,   cloud  
[2026/02/24 21:03:09 706] isr        1559 6400  2  
[2026/02/24 21:03:09 706] isr        1547 ASR_MSG_AUW,   cloud  
[2026/02/24 21:03:09 706] isr        1559 6400  2  
[2026/02/24 21:03:09 706] isr        1547 ASR_MSG_AUW,   cloud  
[2026/02/24 21:03:09 706] isr        1559 6400  2  
[2026/02/24 21:03:09 707] isr        1547 ASR_MSG_AUW,   cloud  
[2026/02/24 21:03:09 707] isr        1559 7420  2  
[2026/02/24 21:03:09 707] isr        1547 ASR_MSG_AUW,   cloud  
[2026/02/24 21:03:09 707] isr        1559 0  4  
[2026/02/24 21:03:09 708] isr        1592 aud end, USER  
[2026/02/24 21:03:09 712] isr        1636 ASR_MSG_GRSLT,   cloud  
[2026/02/24 21:03:09 712] isr        1335 0  nil  2  
[2026/02/24 21:03:09 714] isr        854  [aud] speech end  
[2026/02/24 21:03:09 714] isr        798  3  msc  
[2026/02/24 21:03:09 718] isr        707  cloud_status_cb, start local.  
[2026/02/24 21:03:09 813] isr        1636 ASR_MSG_GRSLT,   cloud  
[2026/02/24 21:03:09 813] isr        1335 0  nil  2  
[2026/02/24 21:03:09 914] isr        1636 ASR_MSG_GRSLT,   cloud  
[2026/02/24 21:03:09 914] isr        1335 0  nil  2  
[2026/02/24 21:03:10 016] isr        1636 ASR_MSG_GRSLT,   cloud  
[2026/02/24 21:03:10 016] isr        1335 0  nil  2  
[2026/02/24 21:03:10 117] isr        1636 ASR_MSG_GRSLT,   cloud  
[2026/02/24 21:03:10 117] isr        1335 0  nil  2  
[2026/02/24 21:03:10 218] isr        1636 ASR_MSG_GRSLT,   cloud  
[2026/02/24 21:03:10 218] isr        1335 0  nil  2  
[2026/02/24 21:03:10 319] isr        1636 ASR_MSG_GRSLT,   cloud  
[2026/02/24 21:03:10 319] isr        1335 0  nil  2  
[2026/02/24 21:03:10 412] isr        700  cloud_status_cb, eps:  3  
[2026/02/24 21:03:10 413] isr        798  3  cloud  
[2026/02/24 21:03:10 413] isr        800  already speech end  
[2026/02/24 21:03:10 416] isr        662  cloud_rslt_cb status =   5  
[2026/02/24 21:03:10 416] isr        641  process_result call:  cloud  udata(880474b8) 5  nil  
[2026/02/24 21:03:10 416] isr        798  3  msc  
[2026/02/24 21:03:10 416] isr        800  already speech end  
[2026/02/24 21:03:10 420] isr        1636 ASR_MSG_GRSLT,   cloud  
[2026/02/24 21:03:10 420] isr        1335 0  udata(880474b8) 5  
[2026/02/24 21:03:10 521] isr        1639 ASR_MSG_SSE,   cloud  
[2026/02/24 21:03:10 521] isr        1356 session_end() [in]  
[2026/02/24 21:03:10 521] isr        1421 cloud_session_end() [in]  
[2026/02/24 21:03:10 523] isr        1488 ns_host=  open.xf-yun.com  
[2026/02/24 21:03:10 523] isr        1498 tick()mod=  4304836  
[2026/02/24 21:03:10 523] isr        1499 tick()=  4304836  
[2026/02/24 21:03:10 523] isr        1501 diff=  737  
[2026/02/24 21:03:10 524] isr        1514 cloud_session_end() [out]  
[2026/02/24 21:03:10 525] isr        1667 isr unload!  
============================================================
Time  2026/02/24 21:03:33 274 
============================================================
[2026/02/24 21:03:33 274] isr        1659 isr loaded!  
[2026/02/24 21:03:33 274] isr        1642 SYS_MSG_REGCB param0 =   msp_status_cb  param1 =   func(62dd0) 
[2026/02/24 21:03:33 274] isr        1537 ASR_MSG_SSB  
[2026/02/24 21:03:33 274] isr        1066 session_begin() [in], params:   sub = iat, domain = iat, language = zh_cn, accent = mandarin, sample_rate = 16000, result_type = plain, result_encoding = utf8  nil  
[2026/02/24 21:03:33 274] isr        927  vad_set [in]  
[2026/02/24 21:03:33 274] isr        962  vad_enable :  true  
[2026/02/24 21:03:33 274] isr        980  vad_bos :  10000  
[2026/02/24 21:03:33 274] isr        981  vad_eos :  2000  
[2026/02/24 21:03:33 274] isr        886  enable_vad [in]  
[2026/02/24 21:03:33 275] isr        918  vad enabled!  2000  10000  
[2026/02/24 21:03:33 275] isr        921  enable_vad [out]  
[2026/02/24 21:03:33 275] isr        987  vad_set [out] | ret =  0  
[2026/02/24 21:03:33 275] isr        1187 cur_engine_type =   cloud  
[2026/02/24 21:03:33 275] isr        1001 cloud_session_begin  
[2026/02/24 21:03:33 275] isr        1013 unknown  
[2026/02/24 21:03:33 276] isr        1547 ASR_MSG_AUW,   cloud  
[2026/02/24 21:03:33 276] isr        1559 6400  1  
[2026/02/24 21:03:33 276] isr        1569 once_bytes:   6400  
[2026/02/24 21:03:33 277] isr        1547 ASR_MSG_AUW,   cloud  
[2026/02/24 21:03:33 277] isr        1559 6400  2  
[2026/02/24 21:03:33 278] isr        1547 ASR_MSG_AUW,   cloud  
[2026/02/24 21:03:33 278] isr        1559 6400  2  
[2026/02/24 21:03:33 279] isr        1547 ASR_MSG_AUW,   cloud  
[2026/02/24 21:03:33 279] isr        1559 6400  2  
[2026/02/24 21:03:33 280] isr        1547 ASR_MSG_AUW,   cloud  
[2026/02/24 21:03:33 280] isr        1559 6400  2  
[2026/02/24 21:03:33 281] isr        1547 ASR_MSG_AUW,   cloud  
[2026/02/24 21:03:33 281] isr        1559 6400  2  
[2026/02/24 21:03:33 281] isr        1547 ASR_MSG_AUW,   cloud  
[2026/02/24 21:03:33 281] isr        1559 6400  2  
[2026/02/24 21:03:33 282] isr        1547 ASR_MSG_AUW,   cloud  
[2026/02/24 21:03:33 282] isr        1559 6400  2  
[2026/02/24 21:03:33 283] isr        1547 ASR_MSG_AUW,   cloud  
[2026/02/24 21:03:33 284] isr        1559 6400  2  
[2026/02/24 21:03:33 284] isr        851  [aud] speech start  
[2026/02/24 21:03:33 284] isr        798  1  msc  
[2026/02/24 21:03:33 284] isr        1547 ASR_MSG_AUW,   cloud  
[2026/02/24 21:03:33 284] isr        1559 6400  2  
[2026/02/24 21:03:33 285] isr        1547 ASR_MSG_AUW,   cloud  
[2026/02/24 21:03:33 285] isr        1559 6400  2  
[2026/02/24 21:03:33 285] isr        1547 ASR_MSG_AUW,   cloud  
[2026/02/24 21:03:33 285] isr        1559 6400  2  
[2026/02/24 21:03:33 285] isr        1547 ASR_MSG_AUW,   cloud  
[2026/02/24 21:03:33 285] isr        1559 6400  2  
[2026/02/24 21:03:33 285] isr        1547 ASR_MSG_AUW,   cloud  
[2026/02/24 21:03:33 286] isr        1559 6400  2  
[2026/02/24 21:03:33 286] isr        1547 ASR_MSG_AUW,   cloud  
[2026/02/24 21:03:33 286] isr        1559 6400  2  
[2026/02/24 21:03:33 286] isr        1547 ASR_MSG_AUW,   cloud  
[2026/02/24 21:03:33 286] isr        1559 6400  2  
[2026/02/24 21:03:33 286] isr        1547 ASR_MSG_AUW,   cloud  
[2026/02/24 21:03:33 287] isr        1559 6400  2  
[2026/02/24 21:03:33 287] isr        1547 ASR_MSG_AUW,   cloud  
[2026/02/24 21:03:33 287] isr        1559 6400  2  
[2026/02/24 21:03:33 288] isr        1547 ASR_MSG_AUW,   cloud  
[2026/02/24 21:03:33 288] isr        1559 6400  2  
[2026/02/24 21:03:33 289] isr        1547 ASR_MSG_AUW,   cloud  
[2026/02/24 21:03:33 289] isr        1559 6400  2  
[2026/02/24 21:03:33 290] isr        1547 ASR_MSG_AUW,   cloud  
[2026/02/24 21:03:33 290] isr        1559 6400  2  
[2026/02/24 21:03:33 290] isr        1547 ASR_MSG_AUW,   cloud  
[2026/02/24 21:03:33 290] isr        1559 6400  2  
[2026/02/24 21:03:33 290] isr        1547 ASR_MSG_AUW,   cloud  
[2026/02/24 21:03:33 290] isr        1559 7420  2  
[2026/02/24 21:03:33 292] isr        1547 ASR_MSG_AUW,   cloud  
[2026/02/24 21:03:33 292] isr        1559 0  4  
[2026/02/24 21:03:33 292] isr        1592 aud end, USER  
[2026/02/24 21:03:33 296] isr        854  [aud] speech end  
[2026/02/24 21:03:33 296] isr        798  3  msc  
[2026/02/24 21:03:33 296] isr        1636 ASR_MSG_GRSLT,   cloud  
[2026/02/24 21:03:33 297] isr        1335 0  nil  2  
[2026/02/24 21:03:33 300] isr        707  cloud_status_cb, start local.  
[2026/02/24 21:03:33 378] isr        700  cloud_status_cb, eps:  1  
[2026/02/24 21:03:33 378] isr        798  1  cloud  
[2026/02/24 21:03:33 378] isr        800  already speech end  
[2026/02/24 21:03:33 398] isr        1636 ASR_MSG_GRSLT,   cloud  
[2026/02/24 21:03:33 399] isr        1335 0  nil  2  
[2026/02/24 21:03:33 500] isr        1636 ASR_MSG_GRSLT,   cloud  
[2026/02/24 21:03:33 500] isr        1335 0  nil  2  
[2026/02/24 21:03:33 601] isr        1636 ASR_MSG_GRSLT,   cloud  
[2026/02/24 21:03:33 601] isr        1335 0  nil  2  
[2026/02/24 21:03:33 701] isr        1636 ASR_MSG_GRSLT,   cloud  
[2026/02/24 21:03:33 701] isr        1335 0  nil  2  
[2026/02/24 21:03:33 802] isr        1636 ASR_MSG_GRSLT,   cloud  
[2026/02/24 21:03:33 802] isr        1335 0  nil  2  
[2026/02/24 21:03:33 902] isr        1636 ASR_MSG_GRSLT,   cloud  
[2026/02/24 21:03:33 902] isr        1335 0  nil  2  
[2026/02/24 21:03:33 980] isr        700  cloud_status_cb, eps:  3  
[2026/02/24 21:03:33 980] isr        798  3  cloud  
[2026/02/24 21:03:33 981] isr        800  already speech end  
[2026/02/24 21:03:33 982] isr        662  cloud_rslt_cb status =   5  
[2026/02/24 21:03:33 982] isr        641  process_result call:  cloud  udata(8046668) 5  nil  
[2026/02/24 21:03:33 982] isr        798  3  msc  
[2026/02/24 21:03:33 982] isr        800  already speech end  
[2026/02/24 21:03:34 003] isr        1636 ASR_MSG_GRSLT,   cloud  
[2026/02/24 21:03:34 003] isr        1335 0  udata(8046668) 5  
[2026/02/24 21:03:34 104] isr        1639 ASR_MSG_SSE,   cloud  
[2026/02/24 21:03:34 104] isr        1356 session_end() [in]  
[2026/02/24 21:03:34 104] isr        1421 cloud_session_end() [in]  
[2026/02/24 21:03:34 105] isr        1488 ns_host=  open.xf-yun.com  
[2026/02/24 21:03:34 106] isr        1498 tick()mod=  4328418  
[2026/02/24 21:03:34 106] isr        1499 tick()=  4328418  
[2026/02/24 21:03:34 106] isr        1501 diff=  748  
[2026/02/24 21:03:34 106] isr        1514 cloud_session_end() [out]  
[2026/02/24 21:03:34 107] isr        1667 isr unload!  
============================================================
Time  2026/02/24 21:03:43 804 
============================================================
[2026/02/24 21:03:43 804] isr        1659 isr loaded!  
[2026/02/24 21:03:43 805] isr        1642 SYS_MSG_REGCB param0 =   msp_status_cb  param1 =   func(80030010) 
[2026/02/24 21:03:43 805] isr        1537 ASR_MSG_SSB  
[2026/02/24 21:03:43 805] isr        1066 session_begin() [in], params:   sub = iat, domain = iat, language = zh_cn, accent = mandarin, sample_rate = 16000, result_type = plain, result_encoding = utf8  nil  
[2026/02/24 21:03:43 805] isr        927  vad_set [in]  
[2026/02/24 21:03:43 805] isr        962  vad_enable :  true  
[2026/02/24 21:03:43 805] isr        980  vad_bos :  10000  
[2026/02/24 21:03:43 805] isr        981  vad_eos :  2000  
[2026/02/24 21:03:43 805] isr        886  enable_vad [in]  
[2026/02/24 21:03:43 805] isr        918  vad enabled!  2000  10000  
[2026/02/24 21:03:43 805] isr        921  enable_vad [out]  
[2026/02/24 21:03:43 805] isr        987  vad_set [out] | ret =  0  
[2026/02/24 21:03:43 805] isr        1187 cur_engine_type =   cloud  
[2026/02/24 21:03:43 805] isr        1001 cloud_session_begin  
[2026/02/24 21:03:43 805] isr        1013 unknown  
[2026/02/24 21:03:58 811] isr        1547 ASR_MSG_AUW,   cloud  
[2026/02/24 21:03:58 811] isr        1559 0  4  
[2026/02/24 21:03:58 811] isr        1592 aud end, USER  
[2026/02/24 21:03:58 812] isr        1636 ASR_MSG_GRSLT,   cloud  
[2026/02/24 21:03:58 812] isr        1335 0  nil  2  
[2026/02/24 21:03:58 813] isr        854  [aud] speech end  
[2026/02/24 21:03:58 813] isr        798  3  msc  
[2026/02/24 21:03:58 815] isr        691  cloud_err_cb errorcode =   10118  detail =   MSC:no audio  
[2026/02/24 21:03:58 815] isr        399  error occurred:   cloud  10118  
[2026/02/24 21:03:58 915] isr        1636 ASR_MSG_GRSLT,   cloud  
[2026/02/24 21:03:58 915] isr        1335 10118  nil  2  
[2026/02/24 21:03:58 915] isr        1639 ASR_MSG_SSE,   cloud  
[2026/02/24 21:03:58 915] isr        1356 session_end() [in]  
[2026/02/24 21:03:58 915] isr        1421 cloud_session_end() [in]  
[2026/02/24 21:03:58 917] isr        1488 ns_host=  open.xf-yun.com  
[2026/02/24 21:03:58 917] isr        1498 tick()mod=  4353229  
[2026/02/24 21:03:58 917] isr        1499 tick()=  4353229  
[2026/02/24 21:03:58 917] isr        1501 diff=  15009  
[2026/02/24 21:03:58 917] isr        1514 cloud_session_end() [out]  
[2026/02/24 21:03:58 918] isr        1667 isr unload!  
============================================================
Time  2026/02/24 21:04:14 395 
============================================================
[2026/02/24 21:04:14 395] isr        1659 isr loaded!  
[2026/02/24 21:04:14 395] isr        1642 SYS_MSG_REGCB param0 =   msp_status_cb  param1 =   func(88030010) 
[2026/02/24 21:04:14 395] isr        1537 ASR_MSG_SSB  
[2026/02/24 21:04:14 395] isr        1066 session_begin() [in], params:   sub = iat, domain = iat, language = zh_cn, accent = mandarin, sample_rate = 16000, result_type = plain, result_encoding = utf8  nil  
[2026/02/24 21:04:14 395] isr        927  vad_set [in]  
[2026/02/24 21:04:14 395] isr        962  vad_enable :  true  
[2026/02/24 21:04:14 395] isr        980  vad_bos :  10000  
[2026/02/24 21:04:14 395] isr        981  vad_eos :  2000  
[2026/02/24 21:04:14 395] isr        886  enable_vad [in]  
[2026/02/24 21:04:14 396] isr        918  vad enabled!  2000  10000  
[2026/02/24 21:04:14 396] isr        921  enable_vad [out]  
[2026/02/24 21:04:14 396] isr        987  vad_set [out] | ret =  0  
[2026/02/24 21:04:14 396] isr        1187 cur_engine_type =   cloud  
[2026/02/24 21:04:14 396] isr        1001 cloud_session_begin  
[2026/02/24 21:04:14 396] isr        1013 unknown  
[2026/02/24 21:04:29 400] isr        1547 ASR_MSG_AUW,   cloud  
[2026/02/24 21:04:29 400] isr        1559 0  4  
[2026/02/24 21:04:29 400] isr        1592 aud end, USER  
[2026/02/24 21:04:29 400] isr        1636 ASR_MSG_GRSLT,   cloud  
[2026/02/24 21:04:29 401] isr        1335 0  nil  2  
[2026/02/24 21:04:29 401] isr        854  [aud] speech end  
[2026/02/24 21:04:29 401] isr        798  3  msc  
[2026/02/24 21:04:29 402] isr        691  cloud_err_cb errorcode =   10118  detail =   MSC:no audio  
[2026/02/24 21:04:29 402] isr        399  error occurred:   cloud  10118  
[2026/02/24 21:04:29 501] isr        1636 ASR_MSG_GRSLT,   cloud  
[2026/02/24 21:04:29 502] isr        1335 10118  nil  2  
[2026/02/24 21:04:29 502] isr        1639 ASR_MSG_SSE,   cloud  
[2026/02/24 21:04:29 502] isr        1356 session_end() [in]  
[2026/02/24 21:04:29 502] isr        1421 cloud_session_end() [in]  
[2026/02/24 21:04:29 503] isr        1488 ns_host=  open.xf-yun.com  
[2026/02/24 21:04:29 503] isr        1498 tick()mod=  4383815  
[2026/02/24 21:04:29 503] isr        1499 tick()=  4383816  
[2026/02/24 21:04:29 503] isr        1501 diff=  14952  
[2026/02/24 21:04:29 503] isr        1514 cloud_session_end() [out]  
[2026/02/24 21:04:29 504] isr        1667 isr unload!  
============================================================
Time  2026/02/24 21:22:43 351 
============================================================
[2026/02/24 21:22:43 351] isr        1659 isr loaded!  
[2026/02/24 21:22:43 351] isr        1642 SYS_MSG_REGCB param0 =   msp_status_cb  param1 =   func(24030010) 
[2026/02/24 21:22:43 351] isr        1537 ASR_MSG_SSB  
[2026/02/24 21:22:43 351] isr        1066 session_begin() [in], params:   sub = iat, domain = iat, language = zh_cn, accent = mandarin, sample_rate = 16000, result_type = plain, result_encoding = utf8  nil  
[2026/02/24 21:22:43 351] isr        927  vad_set [in]  
[2026/02/24 21:22:43 351] isr        962  vad_enable :  true  
[2026/02/24 21:22:43 351] isr        980  vad_bos :  10000  
[2026/02/24 21:22:43 351] isr        981  vad_eos :  2000  
[2026/02/24 21:22:43 351] isr        886  enable_vad [in]  
[2026/02/24 21:22:43 351] isr        918  vad enabled!  2000  10000  
[2026/02/24 21:22:43 351] isr        921  enable_vad [out]  
[2026/02/24 21:22:43 351] isr        987  vad_set [out] | ret =  0  
[2026/02/24 21:22:43 351] isr        1187 cur_engine_type =   cloud  
[2026/02/24 21:22:43 351] isr        1001 cloud_session_begin  
[2026/02/24 21:22:43 351] isr        1013 unknown  
[2026/02/24 21:22:43 542] isr        1547 ASR_MSG_AUW,   cloud  
[2026/02/24 21:22:43 542] isr        1559 3200  1  
[2026/02/24 21:22:43 542] isr        1569 once_bytes:   3200  
[2026/02/24 21:22:43 543] isr        851  [aud] speech start  
[2026/02/24 21:22:43 543] isr        798  1  msc  
[2026/02/24 21:22:43 642] isr        1547 ASR_MSG_AUW,   cloud  
[2026/02/24 21:22:43 642] isr        1559 3200  2  
[2026/02/24 21:22:43 681] isr        700  cloud_status_cb, eps:  1  
[2026/02/24 21:22:43 681] isr        798  1  cloud  
[2026/02/24 21:22:43 681] isr        813  cloud eps ignored  
[2026/02/24 21:22:43 742] isr        1547 ASR_MSG_AUW,   cloud  
[2026/02/24 21:22:43 742] isr        1559 3200  2  
[2026/02/24 21:22:43 842] isr        1547 ASR_MSG_AUW,   cloud  
[2026/02/24 21:22:43 842] isr        1559 3200  2  
[2026/02/24 21:22:43 942] isr        1547 ASR_MSG_AUW,   cloud  
[2026/02/24 21:22:43 942] isr        1559 3200  2  
[2026/02/24 21:22:44 042] isr        1547 ASR_MSG_AUW,   cloud  
[2026/02/24 21:22:44 042] isr        1559 3200  2  
[2026/02/24 21:22:44 142] isr        1547 ASR_MSG_AUW,   cloud  
[2026/02/24 21:22:44 142] isr        1559 3200  2  
[2026/02/24 21:22:44 242] isr        1547 ASR_MSG_AUW,   cloud  
[2026/02/24 21:22:44 242] isr        1559 3200  2  
[2026/02/24 21:22:44 342] isr        1547 ASR_MSG_AUW,   cloud  
[2026/02/24 21:22:44 343] isr        1559 3200  2  
[2026/02/24 21:22:44 442] isr        1547 ASR_MSG_AUW,   cloud  
[2026/02/24 21:22:44 442] isr        1559 3200  2  
[2026/02/24 21:22:44 542] isr        1547 ASR_MSG_AUW,   cloud  
[2026/02/24 21:22:44 542] isr        1559 3200  2  
[2026/02/24 21:22:44 642] isr        1547 ASR_MSG_AUW,   cloud  
[2026/02/24 21:22:44 642] isr        1559 3200  2  
[2026/02/24 21:22:44 742] isr        1547 ASR_MSG_AUW,   cloud  
[2026/02/24 21:22:44 742] isr        1559 3200  2  
[2026/02/24 21:22:44 842] isr        1547 ASR_MSG_AUW,   cloud  
[2026/02/24 21:22:44 842] isr        1559 3200  2  
[2026/02/24 21:22:44 942] isr        1547 ASR_MSG_AUW,   cloud  
[2026/02/24 21:22:44 942] isr        1559 3200  2  
[2026/02/24 21:22:45 042] isr        1547 ASR_MSG_AUW,   cloud  
[2026/02/24 21:22:45 042] isr        1559 3200  2  
[2026/02/24 21:22:45 166] isr        1547 ASR_MSG_AUW,   cloud  
[2026/02/24 21:22:45 166] isr        1559 3200  2  
[2026/02/24 21:22:45 166] isr        1547 ASR_MSG_AUW,   cloud  
[2026/02/24 21:22:45 166] isr        1559 3200  2  
[2026/02/24 21:22:45 266] isr        1547 ASR_MSG_AUW,   cloud  
[2026/02/24 21:22:45 266] isr        1559 3200  2  
[2026/02/24 21:22:45 366] isr        1547 ASR_MSG_AUW,   cloud  
[2026/02/24 21:22:45 366] isr        1559 3200  2  
[2026/02/24 21:22:45 466] isr        1547 ASR_MSG_AUW,   cloud  
[2026/02/24 21:22:45 466] isr        1559 3200  2  
[2026/02/24 21:22:45 566] isr        1547 ASR_MSG_AUW,   cloud  
[2026/02/24 21:22:45 566] isr        1559 3200  2  
[2026/02/24 21:22:45 666] isr        1547 ASR_MSG_AUW,   cloud  
[2026/02/24 21:22:45 666] isr        1559 3200  2  
[2026/02/24 21:22:45 766] isr        1547 ASR_MSG_AUW,   cloud  
[2026/02/24 21:22:45 766] isr        1559 3200  2  
[2026/02/24 21:22:45 866] isr        1547 ASR_MSG_AUW,   cloud  
[2026/02/24 21:22:45 866] isr        1559 3200  2  
[2026/02/24 21:22:45 967] isr        1547 ASR_MSG_AUW,   cloud  
[2026/02/24 21:22:45 967] isr        1559 3200  2  
[2026/02/24 21:22:46 066] isr        1547 ASR_MSG_AUW,   cloud  
[2026/02/24 21:22:46 066] isr        1559 3200  2  
[2026/02/24 21:22:46 166] isr        1547 ASR_MSG_AUW,   cloud  
[2026/02/24 21:22:46 166] isr        1559 3200  2  
[2026/02/24 21:22:46 266] isr        1547 ASR_MSG_AUW,   cloud  
[2026/02/24 21:22:46 266] isr        1559 3200  2  
[2026/02/24 21:22:46 366] isr        1547 ASR_MSG_AUW,   cloud  
[2026/02/24 21:22:46 366] isr        1559 3200  2  
[2026/02/24 21:22:46 466] isr        1547 ASR_MSG_AUW,   cloud  
[2026/02/24 21:22:46 466] isr        1559 3200  2  
[2026/02/24 21:22:46 566] isr        1547 ASR_MSG_AUW,   cloud  
[2026/02/24 21:22:46 566] isr        1559 3200  2  
[2026/02/24 21:22:46 666] isr        1547 ASR_MSG_AUW,   cloud  
[2026/02/24 21:22:46 666] isr        1559 3200  2  
[2026/02/24 21:22:46 766] isr        1547 ASR_MSG_AUW,   cloud  
[2026/02/24 21:22:46 766] isr        1559 3200  2  
[2026/02/24 21:22:46 866] isr        1547 ASR_MSG_AUW,   cloud  
[2026/02/24 21:22:46 866] isr        1559 3200  2  
[2026/02/24 21:22:46 966] isr        1547 ASR_MSG_AUW,   cloud  
[2026/02/24 21:22:46 966] isr        1559 3200  2  
[2026/02/24 21:22:47 066] isr        1547 ASR_MSG_AUW,   cloud  
[2026/02/24 21:22:47 066] isr        1559 3200  2  
[2026/02/24 21:22:47 166] isr        1547 ASR_MSG_AUW,   cloud  
[2026/02/24 21:22:47 166] isr        1559 3200  2  
[2026/02/24 21:22:47 266] isr        1547 ASR_MSG_AUW,   cloud  
[2026/02/24 21:22:47 266] isr        1559 3200  2  
[2026/02/24 21:22:47 390] isr        1547 ASR_MSG_AUW,   cloud  
[2026/02/24 21:22:47 390] isr        1559 3200  2  
[2026/02/24 21:22:47 490] isr        1547 ASR_MSG_AUW,   cloud  
[2026/02/24 21:22:47 490] isr        1559 3200  2  
[2026/02/24 21:22:47 590] isr        1547 ASR_MSG_AUW,   cloud  
[2026/02/24 21:22:47 590] isr        1559 3200  2  
[2026/02/24 21:22:47 690] isr        1547 ASR_MSG_AUW,   cloud  
[2026/02/24 21:22:47 690] isr        1559 3200  2  
[2026/02/24 21:22:47 791] isr        1547 ASR_MSG_AUW,   cloud  
[2026/02/24 21:22:47 791] isr        1559 3200  2  
[2026/02/24 21:22:47 890] isr        1547 ASR_MSG_AUW,   cloud  
[2026/02/24 21:22:47 890] isr        1559 3200  2  
[2026/02/24 21:22:47 990] isr        1547 ASR_MSG_AUW,   cloud  
[2026/02/24 21:22:47 990] isr        1559 3200  2  
[2026/02/24 21:22:48 090] isr        1547 ASR_MSG_AUW,   cloud  
[2026/02/24 21:22:48 090] isr        1559 3200  2  
[2026/02/24 21:22:48 190] isr        1547 ASR_MSG_AUW,   cloud  
[2026/02/24 21:22:48 190] isr        1559 3200  2  
[2026/02/24 21:22:48 290] isr        1547 ASR_MSG_AUW,   cloud  
[2026/02/24 21:22:48 290] isr        1559 3200  2  
[2026/02/24 21:22:48 390] isr        1547 ASR_MSG_AUW,   cloud  
[2026/02/24 21:22:48 390] isr        1559 3200  2  
[2026/02/24 21:22:48 490] isr        1547 ASR_MSG_AUW,   cloud  
[2026/02/24 21:22:48 490] isr        1559 3200  2  
[2026/02/24 21:22:48 590] isr        1547 ASR_MSG_AUW,   cloud  
[2026/02/24 21:22:48 591] isr        1559 3200  2  
[2026/02/24 21:22:48 690] isr        1547 ASR_MSG_AUW,   cloud  
[2026/02/24 21:22:48 690] isr        1559 3200  2  
[2026/02/24 21:22:48 790] isr        1547 ASR_MSG_AUW,   cloud  
[2026/02/24 21:22:48 790] isr        1559 3200  2  
[2026/02/24 21:22:48 890] isr        1547 ASR_MSG_AUW,   cloud  
[2026/02/24 21:22:48 890] isr        1559 3200  2  
[2026/02/24 21:22:48 990] isr        1547 ASR_MSG_AUW,   cloud  
[2026/02/24 21:22:48 990] isr        1559 3200  2  
[2026/02/24 21:22:49 090] isr        1547 ASR_MSG_AUW,   cloud  
[2026/02/24 21:22:49 090] isr        1559 3200  2  
[2026/02/24 21:22:49 190] isr        1547 ASR_MSG_AUW,   cloud  
[2026/02/24 21:22:49 190] isr        1559 3200  2  
[2026/02/24 21:22:49 290] isr        1547 ASR_MSG_AUW,   cloud  
[2026/02/24 21:22:49 290] isr        1559 3200  2  
[2026/02/24 21:22:49 390] isr        1547 ASR_MSG_AUW,   cloud  
[2026/02/24 21:22:49 390] isr        1559 3200  2  
[2026/02/24 21:22:49 491] isr        1547 ASR_MSG_AUW,   cloud  
[2026/02/24 21:22:49 491] isr        1559 3200  2  
[2026/02/24 21:22:49 614] isr        1547 ASR_MSG_AUW,   cloud  
[2026/02/24 21:22:49 614] isr        1559 3200  2  
[2026/02/24 21:22:49 714] isr        1547 ASR_MSG_AUW,   cloud  
[2026/02/24 21:22:49 714] isr        1559 3200  2  
[2026/02/24 21:22:49 814] isr        1547 ASR_MSG_AUW,   cloud  
[2026/02/24 21:22:49 814] isr        1559 3200  2  
[2026/02/24 21:22:49 914] isr        1547 ASR_MSG_AUW,   cloud  
[2026/02/24 21:22:49 914] isr        1559 3200  2  
[2026/02/24 21:22:50 014] isr        1547 ASR_MSG_AUW,   cloud  
[2026/02/24 21:22:50 014] isr        1559 3200  2  
[2026/02/24 21:22:50 114] isr        1547 ASR_MSG_AUW,   cloud  
[2026/02/24 21:22:50 114] isr        1559 3200  2  
[2026/02/24 21:22:50 214] isr        1547 ASR_MSG_AUW,   cloud  
[2026/02/24 21:22:50 214] isr        1559 3200  2  
[2026/02/24 21:22:50 314] isr        1547 ASR_MSG_AUW,   cloud  
[2026/02/24 21:22:50 314] isr        1559 3200  2  
[2026/02/24 21:22:50 414] isr        1547 ASR_MSG_AUW,   cloud  
[2026/02/24 21:22:50 414] isr        1559 3200  2  
[2026/02/24 21:22:50 514] isr        1547 ASR_MSG_AUW,   cloud  
[2026/02/24 21:22:50 514] isr        1559 3200  2  
[2026/02/24 21:22:50 615] isr        1547 ASR_MSG_AUW,   cloud  
[2026/02/24 21:22:50 615] isr        1559 3200  2  
[2026/02/24 21:22:50 714] isr        1547 ASR_MSG_AUW,   cloud  
[2026/02/24 21:22:50 714] isr        1559 3200  2  
[2026/02/24 21:22:50 814] isr        1547 ASR_MSG_AUW,   cloud  
[2026/02/24 21:22:50 814] isr        1559 3200  2  
[2026/02/24 21:22:50 914] isr        1547 ASR_MSG_AUW,   cloud  
[2026/02/24 21:22:50 914] isr        1559 3200  2  
[2026/02/24 21:22:51 014] isr        1547 ASR_MSG_AUW,   cloud  
[2026/02/24 21:22:51 014] isr        1559 3200  2  
[2026/02/24 21:22:51 114] isr        1547 ASR_MSG_AUW,   cloud  
[2026/02/24 21:22:51 114] isr        1559 3200  2  
[2026/02/24 21:22:51 214] isr        1547 ASR_MSG_AUW,   cloud  
[2026/02/24 21:22:51 214] isr        1559 3200  2  
[2026/02/24 21:22:51 314] isr        1547 ASR_MSG_AUW,   cloud  
[2026/02/24 21:22:51 314] isr        1559 3200  2  
[2026/02/24 21:22:51 414] isr        1547 ASR_MSG_AUW,   cloud  
[2026/02/24 21:22:51 414] isr        1559 3200  2  
[2026/02/24 21:22:51 514] isr        1547 ASR_MSG_AUW,   cloud  
[2026/02/24 21:22:51 514] isr        1559 3200  2  
[2026/02/24 21:22:51 614] isr        1547 ASR_MSG_AUW,   cloud  
[2026/02/24 21:22:51 614] isr        1559 3200  2  
[2026/02/24 21:22:51 714] isr        1547 ASR_MSG_AUW,   cloud  
[2026/02/24 21:22:51 714] isr        1559 3200  2  
[2026/02/24 21:22:51 838] isr        1547 ASR_MSG_AUW,   cloud  
[2026/02/24 21:22:51 838] isr        1559 3200  2  
[2026/02/24 21:22:51 938] isr        1547 ASR_MSG_AUW,   cloud  
[2026/02/24 21:22:51 938] isr        1559 3200  2  
[2026/02/24 21:22:52 038] isr        1547 ASR_MSG_AUW,   cloud  
[2026/02/24 21:22:52 038] isr        1559 3200  2  
[2026/02/24 21:22:52 138] isr        1547 ASR_MSG_AUW,   cloud  
[2026/02/24 21:22:52 138] isr        1559 3200  2  
[2026/02/24 21:22:52 238] isr        1547 ASR_MSG_AUW,   cloud  
[2026/02/24 21:22:52 238] isr        1559 3200  2  
[2026/02/24 21:22:52 338] isr        1547 ASR_MSG_AUW,   cloud  
[2026/02/24 21:22:52 338] isr        1559 3200  2  
[2026/02/24 21:22:52 438] isr        1547 ASR_MSG_AUW,   cloud  
[2026/02/24 21:22:52 438] isr        1559 3200  2  
[2026/02/24 21:22:52 538] isr        1547 ASR_MSG_AUW,   cloud  
[2026/02/24 21:22:52 538] isr        1559 3200  2  
[2026/02/24 21:22:52 638] isr        1547 ASR_MSG_AUW,   cloud  
[2026/02/24 21:22:52 638] isr        1559 3200  2  
[2026/02/24 21:22:52 738] isr        1547 ASR_MSG_AUW,   cloud  
[2026/02/24 21:22:52 738] isr        1559 3200  2  
[2026/02/24 21:22:52 838] isr        1547 ASR_MSG_AUW,   cloud  
[2026/02/24 21:22:52 838] isr        1559 3200  2  
[2026/02/24 21:22:52 938] isr        1547 ASR_MSG_AUW,   cloud  
[2026/02/24 21:22:52 938] isr        1559 3200  2  
[2026/02/24 21:22:53 038] isr        1547 ASR_MSG_AUW,   cloud  
[2026/02/24 21:22:53 038] isr        1559 3200  2  
[2026/02/24 21:22:53 138] isr        1547 ASR_MSG_AUW,   cloud  
[2026/02/24 21:22:53 139] isr        1559 3200  2  
[2026/02/24 21:22:53 239] isr        1547 ASR_MSG_AUW,   cloud  
[2026/02/24 21:22:53 239] isr        1559 3200  2  
[2026/02/24 21:22:53 338] isr        1547 ASR_MSG_AUW,   cloud  
[2026/02/24 21:22:53 339] isr        1559 3200  2  
[2026/02/24 21:22:53 438] isr        1547 ASR_MSG_AUW,   cloud  
[2026/02/24 21:22:53 438] isr        1559 3200  2  
[2026/02/24 21:22:53 538] isr        1547 ASR_MSG_AUW,   cloud  
[2026/02/24 21:22:53 538] isr        1559 3200  2  
[2026/02/24 21:22:53 638] isr        1547 ASR_MSG_AUW,   cloud  
[2026/02/24 21:22:53 639] isr        1559 3200  2  
[2026/02/24 21:22:53 738] isr        1547 ASR_MSG_AUW,   cloud  
[2026/02/24 21:22:53 738] isr        1559 3200  2  
[2026/02/24 21:22:53 838] isr        1547 ASR_MSG_AUW,   cloud  
[2026/02/24 21:22:53 838] isr        1559 3200  2  
[2026/02/24 21:22:53 938] isr        1547 ASR_MSG_AUW,   cloud  
[2026/02/24 21:22:53 938] isr        1559 3200  2  
[2026/02/24 21:22:54 062] isr        1547 ASR_MSG_AUW,   cloud  
[2026/02/24 21:22:54 062] isr        1559 3200  2  
[2026/02/24 21:22:54 062] isr        1547 ASR_MSG_AUW,   cloud  
[2026/02/24 21:22:54 063] isr        1559 3200  2  
[2026/02/24 21:22:54 163] isr        1547 ASR_MSG_AUW,   cloud  
[2026/02/24 21:22:54 163] isr        1559 3200  2  
[2026/02/24 21:22:54 262] isr        1547 ASR_MSG_AUW,   cloud  
[2026/02/24 21:22:54 262] isr        1559 3200  2  
[2026/02/24 21:22:54 363] isr        1547 ASR_MSG_AUW,   cloud  
[2026/02/24 21:22:54 363] isr        1559 3200  2  
[2026/02/24 21:22:54 487] isr        1547 ASR_MSG_AUW,   cloud  
[2026/02/24 21:22:54 487] isr        1559 3200  2  
[2026/02/24 21:22:54 588] isr        1547 ASR_MSG_AUW,   cloud  
[2026/02/24 21:22:54 588] isr        1559 3200  2  
[2026/02/24 21:22:54 687] isr        1547 ASR_MSG_AUW,   cloud  
[2026/02/24 21:22:54 687] isr        1559 3200  2  
[2026/02/24 21:22:54 787] isr        1547 ASR_MSG_AUW,   cloud  
[2026/02/24 21:22:54 787] isr        1559 3200  2  
[2026/02/24 21:22:54 887] isr        1547 ASR_MSG_AUW,   cloud  
[2026/02/24 21:22:54 887] isr        1559 3200  2  
[2026/02/24 21:22:54 987] isr        1547 ASR_MSG_AUW,   cloud  
[2026/02/24 21:22:54 987] isr        1559 3200  2  
[2026/02/24 21:22:55 087] isr        1547 ASR_MSG_AUW,   cloud  
[2026/02/24 21:22:55 087] isr        1559 3200  2  
[2026/02/24 21:22:55 188] isr        1547 ASR_MSG_AUW,   cloud  
[2026/02/24 21:22:55 188] isr        1559 3200  2  
[2026/02/24 21:22:55 287] isr        1547 ASR_MSG_AUW,   cloud  
[2026/02/24 21:22:55 287] isr        1559 3200  2  
[2026/02/24 21:22:55 387] isr        1547 ASR_MSG_AUW,   cloud  
[2026/02/24 21:22:55 388] isr        1559 3200  2  
[2026/02/24 21:22:55 487] isr        1547 ASR_MSG_AUW,   cloud  
[2026/02/24 21:22:55 487] isr        1559 3200  2  
[2026/02/24 21:22:55 587] isr        1547 ASR_MSG_AUW,   cloud  
[2026/02/24 21:22:55 587] isr        1559 3200  2  
[2026/02/24 21:22:55 687] isr        1547 ASR_MSG_AUW,   cloud  
[2026/02/24 21:22:55 687] isr        1559 3200  2  
[2026/02/24 21:22:55 787] isr        1547 ASR_MSG_AUW,   cloud  
[2026/02/24 21:22:55 787] isr        1559 3200  2  
[2026/02/24 21:22:55 887] isr        1547 ASR_MSG_AUW,   cloud  
[2026/02/24 21:22:55 887] isr        1559 3200  2  
[2026/02/24 21:22:55 925] isr        662  cloud_rslt_cb status =   0  
[2026/02/24 21:22:55 925] isr        641  process_result call:  cloud  udata(2405aec8) 0  nil  
[2026/02/24 21:22:55 987] isr        1547 ASR_MSG_AUW,   cloud  
[2026/02/24 21:22:55 987] isr        1559 3200  2  
[2026/02/24 21:22:56 087] isr        1547 ASR_MSG_AUW,   cloud  
[2026/02/24 21:22:56 087] isr        1559 3200  2  
[2026/02/24 21:22:56 088] isr        1636 ASR_MSG_GRSLT,   cloud  
[2026/02/24 21:22:56 088] isr        1335 0  udata(2405aec8) 0  
[2026/02/24 21:22:56 212] isr        1547 ASR_MSG_AUW,   cloud  
[2026/02/24 21:22:56 212] isr        1559 3200  2  
[2026/02/24 21:22:56 212] isr        1636 ASR_MSG_GRSLT,   cloud  
[2026/02/24 21:22:56 212] isr        1335 0  nil  2  
[2026/02/24 21:22:56 312] isr        1547 ASR_MSG_AUW,   cloud  
[2026/02/24 21:22:56 312] isr        1559 3200  2  
[2026/02/24 21:22:56 411] isr        1547 ASR_MSG_AUW,   cloud  
[2026/02/24 21:22:56 411] isr        1559 3200  2  
[2026/02/24 21:22:56 511] isr        1547 ASR_MSG_AUW,   cloud  
[2026/02/24 21:22:56 511] isr        1559 3200  2  
[2026/02/24 21:22:56 611] isr        1547 ASR_MSG_AUW,   cloud  
[2026/02/24 21:22:56 611] isr        1559 3200  2  
[2026/02/24 21:22:56 712] isr        1547 ASR_MSG_AUW,   cloud  
[2026/02/24 21:22:56 712] isr        1559 3200  2  
[2026/02/24 21:22:56 812] isr        1547 ASR_MSG_AUW,   cloud  
[2026/02/24 21:22:56 812] isr        1559 3200  2  
[2026/02/24 21:22:56 911] isr        1547 ASR_MSG_AUW,   cloud  
[2026/02/24 21:22:56 911] isr        1559 3200  2  
[2026/02/24 21:22:57 011] isr        1547 ASR_MSG_AUW,   cloud  
[2026/02/24 21:22:57 011] isr        1559 3200  2  
[2026/02/24 21:22:57 111] isr        1547 ASR_MSG_AUW,   cloud  
[2026/02/24 21:22:57 111] isr        1559 3200  2  
[2026/02/24 21:22:57 211] isr        1547 ASR_MSG_AUW,   cloud  
[2026/02/24 21:22:57 211] isr        1559 3200  2  
[2026/02/24 21:22:57 311] isr        1547 ASR_MSG_AUW,   cloud  
[2026/02/24 21:22:57 312] isr        1559 3200  2  
[2026/02/24 21:22:57 411] isr        1547 ASR_MSG_AUW,   cloud  
[2026/02/24 21:22:57 411] isr        1559 3200  2  
[2026/02/24 21:22:57 511] isr        1547 ASR_MSG_AUW,   cloud  
[2026/02/24 21:22:57 511] isr        1559 3200  2  
[2026/02/24 21:22:57 611] isr        1547 ASR_MSG_AUW,   cloud  
[2026/02/24 21:22:57 611] isr        1559 3200  2  
[2026/02/24 21:22:57 711] isr        1547 ASR_MSG_AUW,   cloud  
[2026/02/24 21:22:57 711] isr        1559 3200  2  
[2026/02/24 21:22:57 811] isr        1547 ASR_MSG_AUW,   cloud  
[2026/02/24 21:22:57 811] isr        1559 3200  2  
[2026/02/24 21:22:57 911] isr        1547 ASR_MSG_AUW,   cloud  
[2026/02/24 21:22:57 912] isr        1559 3200  2  
[2026/02/24 21:22:58 011] isr        1547 ASR_MSG_AUW,   cloud  
[2026/02/24 21:22:58 011] isr        1559 3200  2  
[2026/02/24 21:22:58 112] isr        1547 ASR_MSG_AUW,   cloud  
[2026/02/24 21:22:58 112] isr        1559 3200  2  
[2026/02/24 21:22:58 211] isr        1547 ASR_MSG_AUW,   cloud  
[2026/02/24 21:22:58 211] isr        1559 3200  2  
[2026/02/24 21:22:58 311] isr        1547 ASR_MSG_AUW,   cloud  
[2026/02/24 21:22:58 311] isr        1559 3200  2  
[2026/02/24 21:22:58 355] isr        1547 ASR_MSG_AUW,   cloud  
[2026/02/24 21:22:58 355] isr        1559 0  4  
[2026/02/24 21:22:58 355] isr        1592 aud end, USER  
[2026/02/24 21:22:58 356] isr        854  [aud] speech end  
[2026/02/24 21:22:58 356] isr        798  3  msc  
[2026/02/24 21:22:58 356] isr        1636 ASR_MSG_GRSLT,   cloud  
[2026/02/24 21:22:58 356] isr        1335 0  nil  2  
[2026/02/24 21:22:58 456] isr        1636 ASR_MSG_GRSLT,   cloud  
[2026/02/24 21:22:58 456] isr        1335 0  nil  2  
[2026/02/24 21:22:58 508] isr        700  cloud_status_cb, eps:  3  
[2026/02/24 21:22:58 508] isr        798  3  cloud  
[2026/02/24 21:22:58 508] isr        800  already speech end  
[2026/02/24 21:22:58 508] isr        662  cloud_rslt_cb status =   5  
[2026/02/24 21:22:58 508] isr        641  process_result call:  cloud  udata(2405d3a8) 5  nil  
[2026/02/24 21:22:58 509] isr        798  3  msc  
[2026/02/24 21:22:58 509] isr        800  already speech end  
[2026/02/24 21:22:58 557] isr        1636 ASR_MSG_GRSLT,   cloud  
[2026/02/24 21:22:58 557] isr        1335 0  udata(2405d3a8) 5  
[2026/02/24 21:22:58 657] isr        1639 ASR_MSG_SSE,   cloud  
[2026/02/24 21:22:58 657] isr        1356 session_end() [in]  
[2026/02/24 21:22:58 658] isr        1421 cloud_session_end() [in]  
[2026/02/24 21:22:58 658] isr        1488 ns_host=  open.xf-yun.com  
[2026/02/24 21:22:58 659] isr        1498 tick()mod=  5479397  
[2026/02/24 21:22:58 659] isr        1499 tick()=  5479397  
[2026/02/24 21:22:58 659] isr        1501 diff=  15210  
[2026/02/24 21:22:58 659] isr        1514 cloud_session_end() [out]  
[2026/02/24 21:22:58 659] isr        1667 isr unload!  
